// Jest Snapshot v1, https://goo.gl/fbAQLP

exports[`Account sync reconcile handles transactions with undefined fields 1`] = `
Array [
  Object {
    "account": "one",
    "amount": 0,
    "category": null,
    "cleared": 1,
    "date": 20200102,
    "error": null,
    "id": "id3",
    "imported_id": null,
    "imported_payee": null,
    "is_child": 0,
    "is_parent": 0,
    "notes": null,
    "parent_id": null,
    "payee": null,
    "payee_name": null,
    "reconciled": 0,
    "schedule": null,
    "sort_order": 123456789,
    "starting_balance_flag": 0,
    "tombstone": 0,
    "transfer_id": null,
  },
  Object {
    "account": "one",
    "amount": 2948,
    "category": null,
    "cleared": 1,
    "date": 20200101,
    "error": null,
    "id": "one",
    "imported_id": null,
    "imported_payee": null,
    "is_child": 0,
    "is_parent": 0,
    "notes": null,
    "parent_id": null,
    "payee": null,
    "payee_name": null,
    "reconciled": 0,
    "schedule": null,
    "sort_order": 123456789,
    "starting_balance_flag": 0,
    "tombstone": 0,
    "transfer_id": null,
  },
]
`;
