// Jest Snapshot v1, https://goo.gl/fbAQLP

exports[`lexer basic 1`] = `
Array [
  Object {
    "colno": 0,
    "lineno": 0,
    "type": "whitespace",
    "value": "
    ",
  },
  Object {
    "colno": 5,
    "lineno": 1,
    "type": "symbol",
    "value": "x",
  },
  Object {
    "colno": 6,
    "lineno": 1,
    "type": "whitespace",
    "value": " ",
  },
  Object {
    "colno": 7,
    "lineno": 1,
    "type": "operator",
    "value": "!=~",
  },
  Object {
    "colno": 10,
    "lineno": 1,
    "type": "whitespace",
    "value": " ",
  },
  Object {
    "colno": 11,
    "lineno": 1,
    "type": "int",
    "value": "4",
  },
  Object {
    "colno": 12,
    "lineno": 1,
    "type": "whitespace",
    "value": "
  ",
  },
]
`;
