// Jest Snapshot v1, https://goo.gl/fbAQLP

exports[`vm basic 1`] = `
Object {
  "firstValue": [Function],
  "generated!result": -6,
  "number": [Function],
}
`;

exports[`vm boolean types 1`] = `
Object {
  "generated!result": 0,
}
`;
